
Segment List
------------

c:\users\brejc\documents\001_repozitare\002_skola\pps\prednasky\006_mikroprocesor_stm8s208rb\sim\src\zaklad_programu.asm[1]   20-   27         0 -        0                 'ram0'  [void]
c:\users\brejc\documents\001_repozitare\002_skola\pps\prednasky\006_mikroprocesor_stm8s208rb\sim\src\zaklad_programu.asm[2]   28-   44      8080 -     808B                 'rom'  [text]
c:\users\brejc\documents\001_repozitare\002_skola\pps\prednasky\006_mikroprocesor_stm8s208rb\sim\src\zaklad_programu.asm[3]   45-   79      8000 -     807F                 'vectit'  [data]
c:\users\brejc\documents\001_repozitare\002_skola\pps\prednasky\006_mikroprocesor_stm8s208rb\sim\stm8s208rb.asm[2]   16-  359      5000 -     7F76                 'periph2'  [void] <c:\program files (x86)\stmicroelectronics\st_toolset\asm\include\STM8S208R.asm>


Class List
----------

0 '        ram0'   byte from        0 to        0 (lim       FF) =  0% D
0 '        ram1'   byte from      100 to       FF (lim     13FF) =  0% V
0 '       stack'   byte from     1400 to     13FF (lim     17FF) =  0% V
0 '      eeprom'   byte from     4000 to     3FFF (lim     47FF) =  0% V
0 '         rom'   byte from     8080 to     808B (lim    27FFF) =  0% C
0 '      vectit'   byte from     8000 to     807F (lim     807F) =100% S
0 '      periph'   byte from        0 to FFFFFFFF (lim       7F) =  0% V
0 '     periph2'   byte from     5000 to     7F76 (lim FFFFFFFF) =  0% D



External Label list
-------------------

Symbol Name                       Value     Scope  Def(line)

AWU_CSR                               50F0  WORD  c:\program files (x86)\stmicroelectronics\st_toolset\asm\include\STM8S208R.asm(143)
AWU_APR                               50F1  WORD  c:\program files (x86)\stmicroelectronics\st_toolset\asm\include\STM8S208R.asm(144)
AWU_TBR                               50F2  WORD  c:\program files (x86)\stmicroelectronics\st_toolset\asm\include\STM8S208R.asm(145)
ADC_CSR                               5400  WORD  c:\program files (x86)\stmicroelectronics\st_toolset\asm\include\STM8S208R.asm(307)
ADC_CR1                               5401  WORD  c:\program files (x86)\stmicroelectronics\st_toolset\asm\include\STM8S208R.asm(308)
ADC_CR2                               5402  WORD  c:\program files (x86)\stmicroelectronics\st_toolset\asm\include\STM8S208R.asm(309)
ADC_DRH                               5404  WORD  c:\program files (x86)\stmicroelectronics\st_toolset\asm\include\STM8S208R.asm(311)
ADC_DRL                               5405  WORD  c:\program files (x86)\stmicroelectronics\st_toolset\asm\include\STM8S208R.asm(312)
ADC_TDRH                              5406  WORD  c:\program files (x86)\stmicroelectronics\st_toolset\asm\include\STM8S208R.asm(313)
ADC_TDRL                              5407  WORD  c:\program files (x86)\stmicroelectronics\st_toolset\asm\include\STM8S208R.asm(314)

BEEP_CSR                              50F3  WORD  c:\program files (x86)\stmicroelectronics\st_toolset\asm\include\STM8S208R.asm(149)

CLK_ICKR                              50C0  WORD  c:\program files (x86)\stmicroelectronics\st_toolset\asm\include\STM8S208R.asm(112)
CLK_ECKR                              50C1  WORD  c:\program files (x86)\stmicroelectronics\st_toolset\asm\include\STM8S208R.asm(113)
CLK_CMSR                              50C3  WORD  c:\program files (x86)\stmicroelectronics\st_toolset\asm\include\STM8S208R.asm(115)
CLK_SWR                               50C4  WORD  c:\program files (x86)\stmicroelectronics\st_toolset\asm\include\STM8S208R.asm(116)
CLK_SWCR                              50C5  WORD  c:\program files (x86)\stmicroelectronics\st_toolset\asm\include\STM8S208R.asm(117)
CLK_CKDIVR                            50C6  WORD  c:\program files (x86)\stmicroelectronics\st_toolset\asm\include\STM8S208R.asm(118)
CLK_PCKENR1                           50C7  WORD  c:\program files (x86)\stmicroelectronics\st_toolset\asm\include\STM8S208R.asm(119)
CLK_CSSR                              50C8  WORD  c:\program files (x86)\stmicroelectronics\st_toolset\asm\include\STM8S208R.asm(120)
CLK_CCOR                              50C9  WORD  c:\program files (x86)\stmicroelectronics\st_toolset\asm\include\STM8S208R.asm(121)
CLK_PCKENR2                           50CA  WORD  c:\program files (x86)\stmicroelectronics\st_toolset\asm\include\STM8S208R.asm(122)
CLK_CANCCR                            50CB  WORD  c:\program files (x86)\stmicroelectronics\st_toolset\asm\include\STM8S208R.asm(123)
CLK_HSITRIMR                          50CC  WORD  c:\program files (x86)\stmicroelectronics\st_toolset\asm\include\STM8S208R.asm(124)
CLK_SWIMCCR                           50CD  WORD  c:\program files (x86)\stmicroelectronics\st_toolset\asm\include\STM8S208R.asm(125)
CAN_MCR                               5420  WORD  c:\program files (x86)\stmicroelectronics\st_toolset\asm\include\STM8S208R.asm(319)
CAN_MSR                               5421  WORD  c:\program files (x86)\stmicroelectronics\st_toolset\asm\include\STM8S208R.asm(320)
CAN_TSR                               5422  WORD  c:\program files (x86)\stmicroelectronics\st_toolset\asm\include\STM8S208R.asm(321)
CAN_TPR                               5423  WORD  c:\program files (x86)\stmicroelectronics\st_toolset\asm\include\STM8S208R.asm(322)
CAN_RFR                               5424  WORD  c:\program files (x86)\stmicroelectronics\st_toolset\asm\include\STM8S208R.asm(323)
CAN_IER                               5425  WORD  c:\program files (x86)\stmicroelectronics\st_toolset\asm\include\STM8S208R.asm(324)
CAN_DGR                               5426  WORD  c:\program files (x86)\stmicroelectronics\st_toolset\asm\include\STM8S208R.asm(325)
CAN_FPSR                              5427  WORD  c:\program files (x86)\stmicroelectronics\st_toolset\asm\include\STM8S208R.asm(326)
CAN_P0                                5428  WORD  c:\program files (x86)\stmicroelectronics\st_toolset\asm\include\STM8S208R.asm(327)
CAN_P1                                5429  WORD  c:\program files (x86)\stmicroelectronics\st_toolset\asm\include\STM8S208R.asm(328)
CAN_P2                                542A  WORD  c:\program files (x86)\stmicroelectronics\st_toolset\asm\include\STM8S208R.asm(329)
CAN_P3                                542B  WORD  c:\program files (x86)\stmicroelectronics\st_toolset\asm\include\STM8S208R.asm(330)
CAN_P4                                542C  WORD  c:\program files (x86)\stmicroelectronics\st_toolset\asm\include\STM8S208R.asm(331)
CAN_P5                                542D  WORD  c:\program files (x86)\stmicroelectronics\st_toolset\asm\include\STM8S208R.asm(332)
CAN_P6                                542E  WORD  c:\program files (x86)\stmicroelectronics\st_toolset\asm\include\STM8S208R.asm(333)
CAN_P7                                542F  WORD  c:\program files (x86)\stmicroelectronics\st_toolset\asm\include\STM8S208R.asm(334)
CAN_P8                                5430  WORD  c:\program files (x86)\stmicroelectronics\st_toolset\asm\include\STM8S208R.asm(335)
CAN_P9                                5431  WORD  c:\program files (x86)\stmicroelectronics\st_toolset\asm\include\STM8S208R.asm(336)
CAN_PA                                5432  WORD  c:\program files (x86)\stmicroelectronics\st_toolset\asm\include\STM8S208R.asm(337)
CAN_PB                                5433  WORD  c:\program files (x86)\stmicroelectronics\st_toolset\asm\include\STM8S208R.asm(338)
CAN_PC                                5434  WORD  c:\program files (x86)\stmicroelectronics\st_toolset\asm\include\STM8S208R.asm(339)
CAN_PD                                5435  WORD  c:\program files (x86)\stmicroelectronics\st_toolset\asm\include\STM8S208R.asm(340)
CAN_PE                                5436  WORD  c:\program files (x86)\stmicroelectronics\st_toolset\asm\include\STM8S208R.asm(341)
CAN_PF                                5437  WORD  c:\program files (x86)\stmicroelectronics\st_toolset\asm\include\STM8S208R.asm(342)
CFG_GCR                               7F60  WORD  c:\program files (x86)\stmicroelectronics\st_toolset\asm\include\STM8S208R.asm(347)

EXTI_CR1                              50A0  WORD  c:\program files (x86)\stmicroelectronics\st_toolset\asm\include\STM8S208R.asm(101)
EXTI_CR2                              50A1  WORD  c:\program files (x86)\stmicroelectronics\st_toolset\asm\include\STM8S208R.asm(102)

FLASH_CR1                             505A  WORD  c:\program files (x86)\stmicroelectronics\st_toolset\asm\include\STM8S208R.asm(87)
FLASH_CR2                             505B  WORD  c:\program files (x86)\stmicroelectronics\st_toolset\asm\include\STM8S208R.asm(88)
FLASH_NCR2                            505C  WORD  c:\program files (x86)\stmicroelectronics\st_toolset\asm\include\STM8S208R.asm(89)
FLASH_FPR                             505D  WORD  c:\program files (x86)\stmicroelectronics\st_toolset\asm\include\STM8S208R.asm(90)
FLASH_NFPR                            505E  WORD  c:\program files (x86)\stmicroelectronics\st_toolset\asm\include\STM8S208R.asm(91)
FLASH_IAPSR                           505F  WORD  c:\program files (x86)\stmicroelectronics\st_toolset\asm\include\STM8S208R.asm(92)
FLASH_PUKR                            5062  WORD  c:\program files (x86)\stmicroelectronics\st_toolset\asm\include\STM8S208R.asm(94)
FLASH_DUKR                            5064  WORD  c:\program files (x86)\stmicroelectronics\st_toolset\asm\include\STM8S208R.asm(96)

IWDG_KR                               50E0  WORD  c:\program files (x86)\stmicroelectronics\st_toolset\asm\include\STM8S208R.asm(136)
IWDG_PR                               50E1  WORD  c:\program files (x86)\stmicroelectronics\st_toolset\asm\include\STM8S208R.asm(137)
IWDG_RLR                              50E2  WORD  c:\program files (x86)\stmicroelectronics\st_toolset\asm\include\STM8S208R.asm(138)
I2C_CR1                               5210  WORD  c:\program files (x86)\stmicroelectronics\st_toolset\asm\include\STM8S208R.asm(166)
I2C_CR2                               5211  WORD  c:\program files (x86)\stmicroelectronics\st_toolset\asm\include\STM8S208R.asm(167)
I2C_FREQR                             5212  WORD  c:\program files (x86)\stmicroelectronics\st_toolset\asm\include\STM8S208R.asm(168)
I2C_OARL                              5213  WORD  c:\program files (x86)\stmicroelectronics\st_toolset\asm\include\STM8S208R.asm(169)
I2C_OARH                              5214  WORD  c:\program files (x86)\stmicroelectronics\st_toolset\asm\include\STM8S208R.asm(170)
I2C_DR                                5216  WORD  c:\program files (x86)\stmicroelectronics\st_toolset\asm\include\STM8S208R.asm(172)
I2C_SR1                               5217  WORD  c:\program files (x86)\stmicroelectronics\st_toolset\asm\include\STM8S208R.asm(173)
I2C_SR2                               5218  WORD  c:\program files (x86)\stmicroelectronics\st_toolset\asm\include\STM8S208R.asm(174)
I2C_SR3                               5219  WORD  c:\program files (x86)\stmicroelectronics\st_toolset\asm\include\STM8S208R.asm(175)
I2C_ITR                               521A  WORD  c:\program files (x86)\stmicroelectronics\st_toolset\asm\include\STM8S208R.asm(176)
I2C_CCRL                              521B  WORD  c:\program files (x86)\stmicroelectronics\st_toolset\asm\include\STM8S208R.asm(177)
I2C_CCRH                              521C  WORD  c:\program files (x86)\stmicroelectronics\st_toolset\asm\include\STM8S208R.asm(178)
I2C_TRISER                            521D  WORD  c:\program files (x86)\stmicroelectronics\st_toolset\asm\include\STM8S208R.asm(179)
I2C_PECR                              521E  WORD  c:\program files (x86)\stmicroelectronics\st_toolset\asm\include\STM8S208R.asm(180)
ITC_SPR1                              7F70  WORD  c:\program files (x86)\stmicroelectronics\st_toolset\asm\include\STM8S208R.asm(352)
ITC_SPR2                              7F71  WORD  c:\program files (x86)\stmicroelectronics\st_toolset\asm\include\STM8S208R.asm(353)
ITC_SPR3                              7F72  WORD  c:\program files (x86)\stmicroelectronics\st_toolset\asm\include\STM8S208R.asm(354)
ITC_SPR4                              7F73  WORD  c:\program files (x86)\stmicroelectronics\st_toolset\asm\include\STM8S208R.asm(355)
ITC_SPR5                              7F74  WORD  c:\program files (x86)\stmicroelectronics\st_toolset\asm\include\STM8S208R.asm(356)
ITC_SPR6                              7F75  WORD  c:\program files (x86)\stmicroelectronics\st_toolset\asm\include\STM8S208R.asm(357)
ITC_SPR7                              7F76  WORD  c:\program files (x86)\stmicroelectronics\st_toolset\asm\include\STM8S208R.asm(358)

PA_ODR                                5000  WORD  c:\program files (x86)\stmicroelectronics\st_toolset\asm\include\STM8S208R.asm(21)
PA_IDR                                5001  WORD  c:\program files (x86)\stmicroelectronics\st_toolset\asm\include\STM8S208R.asm(22)
PA_DDR                                5002  WORD  c:\program files (x86)\stmicroelectronics\st_toolset\asm\include\STM8S208R.asm(23)
PA_CR1                                5003  WORD  c:\program files (x86)\stmicroelectronics\st_toolset\asm\include\STM8S208R.asm(24)
PA_CR2                                5004  WORD  c:\program files (x86)\stmicroelectronics\st_toolset\asm\include\STM8S208R.asm(25)
PB_ODR                                5005  WORD  c:\program files (x86)\stmicroelectronics\st_toolset\asm\include\STM8S208R.asm(29)
PB_IDR                                5006  WORD  c:\program files (x86)\stmicroelectronics\st_toolset\asm\include\STM8S208R.asm(30)
PB_DDR                                5007  WORD  c:\program files (x86)\stmicroelectronics\st_toolset\asm\include\STM8S208R.asm(31)
PB_CR1                                5008  WORD  c:\program files (x86)\stmicroelectronics\st_toolset\asm\include\STM8S208R.asm(32)
PB_CR2                                5009  WORD  c:\program files (x86)\stmicroelectronics\st_toolset\asm\include\STM8S208R.asm(33)
PC_ODR                                500A  WORD  c:\program files (x86)\stmicroelectronics\st_toolset\asm\include\STM8S208R.asm(37)
PC_IDR                                500B  WORD  c:\program files (x86)\stmicroelectronics\st_toolset\asm\include\STM8S208R.asm(38)
PC_DDR                                500C  WORD  c:\program files (x86)\stmicroelectronics\st_toolset\asm\include\STM8S208R.asm(39)
PC_CR1                                500D  WORD  c:\program files (x86)\stmicroelectronics\st_toolset\asm\include\STM8S208R.asm(40)
PC_CR2                                500E  WORD  c:\program files (x86)\stmicroelectronics\st_toolset\asm\include\STM8S208R.asm(41)
PD_ODR                                500F  WORD  c:\program files (x86)\stmicroelectronics\st_toolset\asm\include\STM8S208R.asm(45)
PD_IDR                                5010  WORD  c:\program files (x86)\stmicroelectronics\st_toolset\asm\include\STM8S208R.asm(46)
PD_DDR                                5011  WORD  c:\program files (x86)\stmicroelectronics\st_toolset\asm\include\STM8S208R.asm(47)
PD_CR1                                5012  WORD  c:\program files (x86)\stmicroelectronics\st_toolset\asm\include\STM8S208R.asm(48)
PD_CR2                                5013  WORD  c:\program files (x86)\stmicroelectronics\st_toolset\asm\include\STM8S208R.asm(49)
PE_ODR                                5014  WORD  c:\program files (x86)\stmicroelectronics\st_toolset\asm\include\STM8S208R.asm(53)
PE_IDR                                5015  WORD  c:\program files (x86)\stmicroelectronics\st_toolset\asm\include\STM8S208R.asm(54)
PE_DDR                                5016  WORD  c:\program files (x86)\stmicroelectronics\st_toolset\asm\include\STM8S208R.asm(55)
PE_CR1                                5017  WORD  c:\program files (x86)\stmicroelectronics\st_toolset\asm\include\STM8S208R.asm(56)
PE_CR2                                5018  WORD  c:\program files (x86)\stmicroelectronics\st_toolset\asm\include\STM8S208R.asm(57)
PF_ODR                                5019  WORD  c:\program files (x86)\stmicroelectronics\st_toolset\asm\include\STM8S208R.asm(61)
PF_IDR                                501A  WORD  c:\program files (x86)\stmicroelectronics\st_toolset\asm\include\STM8S208R.asm(62)
PF_DDR                                501B  WORD  c:\program files (x86)\stmicroelectronics\st_toolset\asm\include\STM8S208R.asm(63)
PF_CR1                                501C  WORD  c:\program files (x86)\stmicroelectronics\st_toolset\asm\include\STM8S208R.asm(64)
PF_CR2                                501D  WORD  c:\program files (x86)\stmicroelectronics\st_toolset\asm\include\STM8S208R.asm(65)
PG_ODR                                501E  WORD  c:\program files (x86)\stmicroelectronics\st_toolset\asm\include\STM8S208R.asm(69)
PG_IDR                                501F  WORD  c:\program files (x86)\stmicroelectronics\st_toolset\asm\include\STM8S208R.asm(70)
PG_DDR                                5020  WORD  c:\program files (x86)\stmicroelectronics\st_toolset\asm\include\STM8S208R.asm(71)
PG_CR1                                5021  WORD  c:\program files (x86)\stmicroelectronics\st_toolset\asm\include\STM8S208R.asm(72)
PG_CR2                                5022  WORD  c:\program files (x86)\stmicroelectronics\st_toolset\asm\include\STM8S208R.asm(73)
PI_ODR                                5028  WORD  c:\program files (x86)\stmicroelectronics\st_toolset\asm\include\STM8S208R.asm(78)
PI_IDR                                5029  WORD  c:\program files (x86)\stmicroelectronics\st_toolset\asm\include\STM8S208R.asm(79)
PI_DDR                                502A  WORD  c:\program files (x86)\stmicroelectronics\st_toolset\asm\include\STM8S208R.asm(80)
PI_CR1                                502B  WORD  c:\program files (x86)\stmicroelectronics\st_toolset\asm\include\STM8S208R.asm(81)
PI_CR2                                502C  WORD  c:\program files (x86)\stmicroelectronics\st_toolset\asm\include\STM8S208R.asm(82)

RST_SR                                50B3  WORD  c:\program files (x86)\stmicroelectronics\st_toolset\asm\include\STM8S208R.asm(107)

SPI_CR1                               5200  WORD  c:\program files (x86)\stmicroelectronics\st_toolset\asm\include\STM8S208R.asm(154)
SPI_CR2                               5201  WORD  c:\program files (x86)\stmicroelectronics\st_toolset\asm\include\STM8S208R.asm(155)
SPI_ICR                               5202  WORD  c:\program files (x86)\stmicroelectronics\st_toolset\asm\include\STM8S208R.asm(156)
SPI_SR                                5203  WORD  c:\program files (x86)\stmicroelectronics\st_toolset\asm\include\STM8S208R.asm(157)
SPI_DR                                5204  WORD  c:\program files (x86)\stmicroelectronics\st_toolset\asm\include\STM8S208R.asm(158)
SPI_CRCPR                             5205  WORD  c:\program files (x86)\stmicroelectronics\st_toolset\asm\include\STM8S208R.asm(159)
SPI_RXCRCR                            5206  WORD  c:\program files (x86)\stmicroelectronics\st_toolset\asm\include\STM8S208R.asm(160)
SPI_TXCRCR                            5207  WORD  c:\program files (x86)\stmicroelectronics\st_toolset\asm\include\STM8S208R.asm(161)

TIM1_CR1                              5250  WORD  c:\program files (x86)\stmicroelectronics\st_toolset\asm\include\STM8S208R.asm(214)
TIM1_CR2                              5251  WORD  c:\program files (x86)\stmicroelectronics\st_toolset\asm\include\STM8S208R.asm(215)
TIM1_SMCR                             5252  WORD  c:\program files (x86)\stmicroelectronics\st_toolset\asm\include\STM8S208R.asm(216)
TIM1_ETR                              5253  WORD  c:\program files (x86)\stmicroelectronics\st_toolset\asm\include\STM8S208R.asm(217)
TIM1_IER                              5254  WORD  c:\program files (x86)\stmicroelectronics\st_toolset\asm\include\STM8S208R.asm(218)
TIM1_SR1                              5255  WORD  c:\program files (x86)\stmicroelectronics\st_toolset\asm\include\STM8S208R.asm(219)
TIM1_SR2                              5256  WORD  c:\program files (x86)\stmicroelectronics\st_toolset\asm\include\STM8S208R.asm(220)
TIM1_EGR                              5257  WORD  c:\program files (x86)\stmicroelectronics\st_toolset\asm\include\STM8S208R.asm(221)
TIM1_CCMR1                            5258  WORD  c:\program files (x86)\stmicroelectronics\st_toolset\asm\include\STM8S208R.asm(222)
TIM1_CCMR2                            5259  WORD  c:\program files (x86)\stmicroelectronics\st_toolset\asm\include\STM8S208R.asm(223)
TIM1_CCMR3                            525A  WORD  c:\program files (x86)\stmicroelectronics\st_toolset\asm\include\STM8S208R.asm(224)
TIM1_CCMR4                            525B  WORD  c:\program files (x86)\stmicroelectronics\st_toolset\asm\include\STM8S208R.asm(225)
TIM1_CCER1                            525C  WORD  c:\program files (x86)\stmicroelectronics\st_toolset\asm\include\STM8S208R.asm(226)
TIM1_CCER2                            525D  WORD  c:\program files (x86)\stmicroelectronics\st_toolset\asm\include\STM8S208R.asm(227)
TIM1_CNTRH                            525E  WORD  c:\program files (x86)\stmicroelectronics\st_toolset\asm\include\STM8S208R.asm(228)
TIM1_CNTRL                            525F  WORD  c:\program files (x86)\stmicroelectronics\st_toolset\asm\include\STM8S208R.asm(229)
TIM1_PSCRH                            5260  WORD  c:\program files (x86)\stmicroelectronics\st_toolset\asm\include\STM8S208R.asm(230)
TIM1_PSCRL                            5261  WORD  c:\program files (x86)\stmicroelectronics\st_toolset\asm\include\STM8S208R.asm(231)
TIM1_ARRH                             5262  WORD  c:\program files (x86)\stmicroelectronics\st_toolset\asm\include\STM8S208R.asm(232)
TIM1_ARRL                             5263  WORD  c:\program files (x86)\stmicroelectronics\st_toolset\asm\include\STM8S208R.asm(233)
TIM1_RCR                              5264  WORD  c:\program files (x86)\stmicroelectronics\st_toolset\asm\include\STM8S208R.asm(234)
TIM1_CCR1H                            5265  WORD  c:\program files (x86)\stmicroelectronics\st_toolset\asm\include\STM8S208R.asm(235)
TIM1_CCR1L                            5266  WORD  c:\program files (x86)\stmicroelectronics\st_toolset\asm\include\STM8S208R.asm(236)
TIM1_CCR2H                            5267  WORD  c:\program files (x86)\stmicroelectronics\st_toolset\asm\include\STM8S208R.asm(237)
TIM1_CCR2L                            5268  WORD  c:\program files (x86)\stmicroelectronics\st_toolset\asm\include\STM8S208R.asm(238)
TIM1_CCR3H                            5269  WORD  c:\program files (x86)\stmicroelectronics\st_toolset\asm\include\STM8S208R.asm(239)
TIM1_CCR3L                            526A  WORD  c:\program files (x86)\stmicroelectronics\st_toolset\asm\include\STM8S208R.asm(240)
TIM1_CCR4H                            526B  WORD  c:\program files (x86)\stmicroelectronics\st_toolset\asm\include\STM8S208R.asm(241)
TIM1_CCR4L                            526C  WORD  c:\program files (x86)\stmicroelectronics\st_toolset\asm\include\STM8S208R.asm(242)
TIM1_BKR                              526D  WORD  c:\program files (x86)\stmicroelectronics\st_toolset\asm\include\STM8S208R.asm(243)
TIM1_DTR                              526E  WORD  c:\program files (x86)\stmicroelectronics\st_toolset\asm\include\STM8S208R.asm(244)
TIM1_OISR                             526F  WORD  c:\program files (x86)\stmicroelectronics\st_toolset\asm\include\STM8S208R.asm(245)
TIM2_CR1                              5300  WORD  c:\program files (x86)\stmicroelectronics\st_toolset\asm\include\STM8S208R.asm(250)
TIM2_IER                              5301  WORD  c:\program files (x86)\stmicroelectronics\st_toolset\asm\include\STM8S208R.asm(251)
TIM2_SR1                              5302  WORD  c:\program files (x86)\stmicroelectronics\st_toolset\asm\include\STM8S208R.asm(252)
TIM2_SR2                              5303  WORD  c:\program files (x86)\stmicroelectronics\st_toolset\asm\include\STM8S208R.asm(253)
TIM2_EGR                              5304  WORD  c:\program files (x86)\stmicroelectronics\st_toolset\asm\include\STM8S208R.asm(254)
TIM2_CCMR1                            5305  WORD  c:\program files (x86)\stmicroelectronics\st_toolset\asm\include\STM8S208R.asm(255)
TIM2_CCMR2                            5306  WORD  c:\program files (x86)\stmicroelectronics\st_toolset\asm\include\STM8S208R.asm(256)
TIM2_CCMR3                            5307  WORD  c:\program files (x86)\stmicroelectronics\st_toolset\asm\include\STM8S208R.asm(257)
TIM2_CCER1                            5308  WORD  c:\program files (x86)\stmicroelectronics\st_toolset\asm\include\STM8S208R.asm(258)
TIM2_CCER2                            5309  WORD  c:\program files (x86)\stmicroelectronics\st_toolset\asm\include\STM8S208R.asm(259)
TIM2_CNTRH                            530A  WORD  c:\program files (x86)\stmicroelectronics\st_toolset\asm\include\STM8S208R.asm(260)
TIM2_CNTRL                            530B  WORD  c:\program files (x86)\stmicroelectronics\st_toolset\asm\include\STM8S208R.asm(261)
TIM2_PSCR                             530C  WORD  c:\program files (x86)\stmicroelectronics\st_toolset\asm\include\STM8S208R.asm(262)
TIM2_ARRH                             530D  WORD  c:\program files (x86)\stmicroelectronics\st_toolset\asm\include\STM8S208R.asm(263)
TIM2_ARRL                             530E  WORD  c:\program files (x86)\stmicroelectronics\st_toolset\asm\include\STM8S208R.asm(264)
TIM2_CCR1H                            530F  WORD  c:\program files (x86)\stmicroelectronics\st_toolset\asm\include\STM8S208R.asm(265)
TIM2_CCR1L                            5310  WORD  c:\program files (x86)\stmicroelectronics\st_toolset\asm\include\STM8S208R.asm(266)
TIM2_CCR2H                            5311  WORD  c:\program files (x86)\stmicroelectronics\st_toolset\asm\include\STM8S208R.asm(267)
TIM2_CCR2L                            5312  WORD  c:\program files (x86)\stmicroelectronics\st_toolset\asm\include\STM8S208R.asm(268)
TIM2_CCR3H                            5313  WORD  c:\program files (x86)\stmicroelectronics\st_toolset\asm\include\STM8S208R.asm(269)
TIM2_CCR3L                            5314  WORD  c:\program files (x86)\stmicroelectronics\st_toolset\asm\include\STM8S208R.asm(270)
TIM3_CR1                              5320  WORD  c:\program files (x86)\stmicroelectronics\st_toolset\asm\include\STM8S208R.asm(275)
TIM3_IER                              5321  WORD  c:\program files (x86)\stmicroelectronics\st_toolset\asm\include\STM8S208R.asm(276)
TIM3_SR1                              5322  WORD  c:\program files (x86)\stmicroelectronics\st_toolset\asm\include\STM8S208R.asm(277)
TIM3_SR2                              5323  WORD  c:\program files (x86)\stmicroelectronics\st_toolset\asm\include\STM8S208R.asm(278)
TIM3_EGR                              5324  WORD  c:\program files (x86)\stmicroelectronics\st_toolset\asm\include\STM8S208R.asm(279)
TIM3_CCMR1                            5325  WORD  c:\program files (x86)\stmicroelectronics\st_toolset\asm\include\STM8S208R.asm(280)
TIM3_CCMR2                            5326  WORD  c:\program files (x86)\stmicroelectronics\st_toolset\asm\include\STM8S208R.asm(281)
TIM3_CCER1                            5327  WORD  c:\program files (x86)\stmicroelectronics\st_toolset\asm\include\STM8S208R.asm(282)
TIM3_CNTRH                            5328  WORD  c:\program files (x86)\stmicroelectronics\st_toolset\asm\include\STM8S208R.asm(283)
TIM3_CNTRL                            5329  WORD  c:\program files (x86)\stmicroelectronics\st_toolset\asm\include\STM8S208R.asm(284)
TIM3_PSCR                             532A  WORD  c:\program files (x86)\stmicroelectronics\st_toolset\asm\include\STM8S208R.asm(285)
TIM3_ARRH                             532B  WORD  c:\program files (x86)\stmicroelectronics\st_toolset\asm\include\STM8S208R.asm(286)
TIM3_ARRL                             532C  WORD  c:\program files (x86)\stmicroelectronics\st_toolset\asm\include\STM8S208R.asm(287)
TIM3_CCR1H                            532D  WORD  c:\program files (x86)\stmicroelectronics\st_toolset\asm\include\STM8S208R.asm(288)
TIM3_CCR1L                            532E  WORD  c:\program files (x86)\stmicroelectronics\st_toolset\asm\include\STM8S208R.asm(289)
TIM3_CCR2H                            532F  WORD  c:\program files (x86)\stmicroelectronics\st_toolset\asm\include\STM8S208R.asm(290)
TIM3_CCR2L                            5330  WORD  c:\program files (x86)\stmicroelectronics\st_toolset\asm\include\STM8S208R.asm(291)
TIM4_CR1                              5340  WORD  c:\program files (x86)\stmicroelectronics\st_toolset\asm\include\STM8S208R.asm(296)
TIM4_IER                              5341  WORD  c:\program files (x86)\stmicroelectronics\st_toolset\asm\include\STM8S208R.asm(297)
TIM4_SR                               5342  WORD  c:\program files (x86)\stmicroelectronics\st_toolset\asm\include\STM8S208R.asm(298)
TIM4_EGR                              5343  WORD  c:\program files (x86)\stmicroelectronics\st_toolset\asm\include\STM8S208R.asm(299)
TIM4_CNTR                             5344  WORD  c:\program files (x86)\stmicroelectronics\st_toolset\asm\include\STM8S208R.asm(300)
TIM4_PSCR                             5345  WORD  c:\program files (x86)\stmicroelectronics\st_toolset\asm\include\STM8S208R.asm(301)
TIM4_ARR                              5346  WORD  c:\program files (x86)\stmicroelectronics\st_toolset\asm\include\STM8S208R.asm(302)

UART1_SR                              5230  WORD  c:\program files (x86)\stmicroelectronics\st_toolset\asm\include\STM8S208R.asm(185)
UART1_DR                              5231  WORD  c:\program files (x86)\stmicroelectronics\st_toolset\asm\include\STM8S208R.asm(186)
UART1_BRR1                            5232  WORD  c:\program files (x86)\stmicroelectronics\st_toolset\asm\include\STM8S208R.asm(187)
UART1_BRR2                            5233  WORD  c:\program files (x86)\stmicroelectronics\st_toolset\asm\include\STM8S208R.asm(188)
UART1_CR1                             5234  WORD  c:\program files (x86)\stmicroelectronics\st_toolset\asm\include\STM8S208R.asm(189)
UART1_CR2                             5235  WORD  c:\program files (x86)\stmicroelectronics\st_toolset\asm\include\STM8S208R.asm(190)
UART1_CR3                             5236  WORD  c:\program files (x86)\stmicroelectronics\st_toolset\asm\include\STM8S208R.asm(191)
UART1_CR4                             5237  WORD  c:\program files (x86)\stmicroelectronics\st_toolset\asm\include\STM8S208R.asm(192)
UART1_CR5                             5238  WORD  c:\program files (x86)\stmicroelectronics\st_toolset\asm\include\STM8S208R.asm(193)
UART1_GTR                             5239  WORD  c:\program files (x86)\stmicroelectronics\st_toolset\asm\include\STM8S208R.asm(194)
UART1_PSCR                            523A  WORD  c:\program files (x86)\stmicroelectronics\st_toolset\asm\include\STM8S208R.asm(195)
UART3_SR                              5240  WORD  c:\program files (x86)\stmicroelectronics\st_toolset\asm\include\STM8S208R.asm(200)
UART3_DR                              5241  WORD  c:\program files (x86)\stmicroelectronics\st_toolset\asm\include\STM8S208R.asm(201)
UART3_BRR1                            5242  WORD  c:\program files (x86)\stmicroelectronics\st_toolset\asm\include\STM8S208R.asm(202)
UART3_BRR2                            5243  WORD  c:\program files (x86)\stmicroelectronics\st_toolset\asm\include\STM8S208R.asm(203)
UART3_CR1                             5244  WORD  c:\program files (x86)\stmicroelectronics\st_toolset\asm\include\STM8S208R.asm(204)
UART3_CR2                             5245  WORD  c:\program files (x86)\stmicroelectronics\st_toolset\asm\include\STM8S208R.asm(205)
UART3_CR3                             5246  WORD  c:\program files (x86)\stmicroelectronics\st_toolset\asm\include\STM8S208R.asm(206)
UART3_CR4                             5247  WORD  c:\program files (x86)\stmicroelectronics\st_toolset\asm\include\STM8S208R.asm(207)
UART3_CR6                             5249  WORD  c:\program files (x86)\stmicroelectronics\st_toolset\asm\include\STM8S208R.asm(209)

WWDG_CR                               50D1  WORD  c:\program files (x86)\stmicroelectronics\st_toolset\asm\include\STM8S208R.asm(130)
WWDG_WR                               50D2  WORD  c:\program files (x86)\stmicroelectronics\st_toolset\asm\include\STM8S208R.asm(131)


231 labels
